C:/Users/Dung Dinh/OneDrive/Desktop/MLIOT Embedded C/mliot-embeddedc-2026-hw/week04/Task 4/Core/Src/main.c:64:5:main	8	static
C:/Users/Dung Dinh/OneDrive/Desktop/MLIOT Embedded C/mliot-embeddedc-2026-hw/week04/Task 4/Core/Src/main.c:124:6:SystemClock_Config	72	static
C:/Users/Dung Dinh/OneDrive/Desktop/MLIOT Embedded C/mliot-embeddedc-2026-hw/week04/Task 4/Core/Src/main.c:161:13:MX_GPIO_Init	32	static
C:/Users/Dung Dinh/OneDrive/Desktop/MLIOT Embedded C/mliot-embeddedc-2026-hw/week04/Task 4/Core/Src/main.c:205:6:Error_Handler	4	static
